✖ unified contract lint: every registered checker reports zero offenders against the real repo (109.4313ms)
✔ unified contract lint: DEFAULT_REGISTRY includes the four K1 checkers (92.2487ms)
✔ unified contract lint: one checker failing does not prevent the others from running (no short-circuit) (0.4592ms)
ℹ tests 3
ℹ suites 0
ℹ pass 2
ℹ fail 1
ℹ cancelled 0
ℹ skipped 0
ℹ todo 0
ℹ duration_ms 260.6362

✖ failing tests:

test at scripts\contract-lint.test.js:18:1
✖ unified contract lint: every registered checker reports zero offenders against the real repo (109.4313ms)
  AssertionError [ERR_ASSERTION]: contract lint found 1 offender(s):
  
  [k1-emission] schemas/kernel/emission-claims.json
    expected: field "NOT_EMITTED_FORCE_RED" present in emission allowlist
    actual:   not emitted by declared builders
    claimed emitted field "NOT_EMITTED_FORCE_RED" is not in scripts/lib/emission-catalogs/k1-emitted.json
      at TestContext.<anonymous> (C:\Users\sn4ke\dev\activos\ospec-workflow\scripts\contract-lint.test.js:28:12)
      at Test.runInAsyncScope (node:async_hooks:227:14)
      at Test.run (node:internal/test_runner/test:1306:25)
      at Test.start (node:internal/test_runner/test:1177:17)
      at startSubtestAfterBootstrap (node:internal/test_runner/harness:385:17) {
    generatedMessage: false,
    code: 'ERR_ASSERTION',
    actual: undefined,
    expected: undefined,
    operator: 'fail',
    diff: 'simple'
  }
