✖ manifest indexes every required family with $id and schema_version (1.07ms)
✖ loadSchemaById pins by $id without silent substitution (0.2429ms)
✖ every family valid fixtures pass and invalid fixtures fail with path/rule (0.2616ms)
ℹ tests 3
ℹ suites 0
ℹ pass 0
ℹ fail 3
ℹ cancelled 0
ℹ skipped 0
ℹ todo 0
ℹ duration_ms 59.0665

✖ failing tests:

test at scripts\lib\kernel-schema-fixtures.test.js:40:1
✖ manifest indexes every required family with $id and schema_version (1.07ms)
  AssertionError [ERR_ASSERTION]: Expected values to be strictly equal:
  + actual - expected
  
  + 'undefined'
  - 'object'
  
      at TestContext.<anonymous> (C:\Users\sn4ke\dev\activos\ospec-workflow\scripts\lib\kernel-schema-fixtures.test.js:42:10)
      at Test.runInAsyncScope (node:async_hooks:227:14)
      at Test.run (node:internal/test_runner/test:1306:25)
      at Test.start (node:internal/test_runner/test:1177:17)
      at startSubtestAfterBootstrap (node:internal/test_runner/harness:385:17) {
    generatedMessage: true,
    code: 'ERR_ASSERTION',
    actual: 'undefined',
    expected: 'object',
    operator: 'strictEqual',
    diff: 'simple'
  }

test at scripts\lib\kernel-schema-fixtures.test.js:58:1
✖ loadSchemaById pins by $id without silent substitution (0.2429ms)
  Error: schema $id unresolved: ospec://schemas/kernel/classification/v1
      at loadSchemaById (C:\Users\sn4ke\dev\activos\ospec-workflow\scripts\lib\kernel-schema-validator.js:271:11)
      at TestContext.<anonymous> (C:\Users\sn4ke\dev\activos\ospec-workflow\scripts\lib\kernel-schema-fixtures.test.js:59:18)
      at Test.runInAsyncScope (node:async_hooks:227:14)
      at Test.run (node:internal/test_runner/test:1306:25)
      at Test.processPendingSubtests (node:internal/test_runner/test:897:18)
      at Test.postRun (node:internal/test_runner/test:1447:19)
      at Test.run (node:internal/test_runner/test:1372:12)
      at async startSubtestAfterBootstrap (node:internal/test_runner/harness:385:3)

test at scripts\lib\kernel-schema-fixtures.test.js:67:1
✖ every family valid fixtures pass and invalid fixtures fail with path/rule (0.2616ms)
  TypeError: Cannot read properties of undefined (reading 'state-transition')
      at TestContext.<anonymous> (C:\Users\sn4ke\dev\activos\ospec-workflow\scripts\lib\kernel-schema-fixtures.test.js:70:36)
      at Test.runInAsyncScope (node:async_hooks:227:14)
      at Test.run (node:internal/test_runner/test:1306:25)
      at Test.processPendingSubtests (node:internal/test_runner/test:897:18)
      at Test.postRun (node:internal/test_runner/test:1447:19)
      at Test.run (node:internal/test_runner/test:1372:12)
      at async Test.processPendingSubtests (node:internal/test_runner/test:897:7)
