✖ K1 scope guard: no global lifecycle reducer module status→next_transition (1.3572ms)
✔ K1 scope guard: fixed/default routing baselines in openspec/config.yaml unchanged by K1 modules (0.8378ms)
ℹ tests 2
ℹ suites 0
ℹ pass 1
ℹ fail 1
ℹ cancelled 0
ℹ skipped 0
ℹ todo 0
ℹ duration_ms 57.1958

✖ failing tests:

test at scripts\lib\k1-scope-guard.test.js:24:1
✖ K1 scope guard: no global lifecycle reducer module status→next_transition (1.3572ms)
  AssertionError [ERR_ASSERTION]: K1 must not introduce lifecycle-reducer.js
  
  true !== false
  
      at TestContext.<anonymous> (C:\Users\sn4ke\dev\activos\ospec-workflow\scripts\lib\k1-scope-guard.test.js:31:12)
      at Test.runInAsyncScope (node:async_hooks:227:14)
      at Test.run (node:internal/test_runner/test:1306:25)
      at Test.start (node:internal/test_runner/test:1177:17)
      at startSubtestAfterBootstrap (node:internal/test_runner/harness:385:17) {
    generatedMessage: false,
    code: 'ERR_ASSERTION',
    actual: true,
    expected: false,
    operator: 'strictEqual',
    diff: 'simple'
  }
