✔ k1-prose-authority passes on structured-only guidance in the real tree (0.7423ms)
✖ prose fallback instruction is an offender (5.5806ms)
✖ Graph IR implemented-as-authority is an offender (2.117ms)
ℹ tests 3
ℹ suites 0
ℹ pass 1
ℹ fail 2
ℹ cancelled 0
ℹ skipped 0
ℹ todo 0
ℹ duration_ms 63.24

✖ failing tests:

test at scripts\lib\contract-checkers\k1-prose-authority.test.js:17:1
✖ prose fallback instruction is an offender (5.5806ms)
  AssertionError [ERR_ASSERTION]: The expression evaluated to a falsy value:
  
    assert.ok(offenders.some((o) => /prose/i.test(o.message)))
  
      at TestContext.<anonymous> (C:\Users\sn4ke\dev\activos\ospec-workflow\scripts\lib\contract-checkers\k1-prose-authority.test.js:28:10)
      at Test.runInAsyncScope (node:async_hooks:227:14)
      at Test.run (node:internal/test_runner/test:1306:25)
      at Test.processPendingSubtests (node:internal/test_runner/test:897:18)
      at Test.postRun (node:internal/test_runner/test:1447:19)
      at Test.run (node:internal/test_runner/test:1372:12)
      at async startSubtestAfterBootstrap (node:internal/test_runner/harness:385:3) {
    generatedMessage: true,
    code: 'ERR_ASSERTION',
    actual: false,
    expected: true,
    operator: '==',
    diff: 'simple'
  }

test at scripts\lib\contract-checkers\k1-prose-authority.test.js:31:1
✖ Graph IR implemented-as-authority is an offender (2.117ms)
  AssertionError [ERR_ASSERTION]: The expression evaluated to a falsy value:
  
    assert.ok(offenders.some((o) => /Graph IR/i.test(o.message)))
  
      at TestContext.<anonymous> (C:\Users\sn4ke\dev\activos\ospec-workflow\scripts\lib\contract-checkers\k1-prose-authority.test.js:42:10)
      at Test.runInAsyncScope (node:async_hooks:227:14)
      at Test.run (node:internal/test_runner/test:1306:25)
      at Test.processPendingSubtests (node:internal/test_runner/test:897:18)
      at Test.postRun (node:internal/test_runner/test:1447:19)
      at Test.run (node:internal/test_runner/test:1372:12)
      at async Test.processPendingSubtests (node:internal/test_runner/test:897:7) {
    generatedMessage: true,
    code: 'ERR_ASSERTION',
    actual: false,
    expected: true,
    operator: '==',
    diff: 'simple'
  }
