✔ REQ-execution-identities-001: Distinct digests with domain prefixes for four identities (4.0606ms)
✔ REQ-execution-identities-001: Single byte mutation alters digest (0.1156ms)
✔ REQ-execution-identities-002: SourceSnapshot digest incorporates projection and base tree (0.1156ms)
✔ REQ-execution-identities-004: Candidate freeze restricts projections and tracks modes & untracked (0.4827ms)
✔ REQ-execution-identities-004: Candidate freeze path canonicalization and deduplication (0.6962ms)
✔ REQ-execution-identities-005: Fail-closed initial candidate relation evaluation (1.0149ms)
✔ REQ-execution-identities-006: Non-aliasing type guards and rejection of mutable targets (0.3051ms)
✔ REQ-execution-identities-001: Digest functions reject null or non-object inputs (0.1116ms)
✔ REQ-execution-identities-007: computeSourceSnapshotId validates required inputs and digest format (0.2018ms)
✔ REQ-execution-identities-003: computeWorkOrderId canonical payload includes dependencies, ownership, required_evidence and validates snapshot digest (0.5104ms)
✔ REQ-execution-identities-007: computeWorkResultId validates presence and format of work_order_id and source_snapshot_id (0.181ms)
✔ REQ-execution-identities-007: computeCandidateId requires mandatory base_tree and projection and validates digest format (0.1316ms)
✔ REQ-execution-identities-004: freezeCandidate constructs candidate/v2 with schema_version 2 and strict diff disambiguation (0.2542ms)
✔ REQ-execution-identities-003: validateWorkOrderBinding and validateWorkResultBinding fail-closed validation (4.3561ms)
✔ REQ-execution-identities-005: evaluateCandidateRelation recomputes candidate_id and detects declared candidate_id mismatch (0.2047ms)
✔ Adversarial Scenario 1: Candidate candidate_id copied + content altered yields unknown / candidate-id-mismatch (0.2885ms)
✔ Adversarial Scenario 2: WorkOrder work_order_id copied + ownership altered yields distinct digest (0.2032ms)
✔ Adversarial Scenario 3: WorkOrder work_order_id copied + required_evidence altered yields distinct digest (0.1145ms)
✔ Adversarial Scenario 4: WorkOrder work_order_id copied + dependencies altered yields distinct digest (0.0888ms)
✔ Adversarial Scenario 5: WorkOrder(S1) + WorkResult(S2) yields REJECT SOURCE_SNAPSHOT_MISMATCH (0.5062ms)
✔ Adversarial Scenario 6: WorkResultId copied + patch altered yields distinct digest (0.0836ms)
✔ Adversarial Scenario 8: SourceSnapshot presented as Candidate is REJECTED (0.0537ms)
✔ Adversarial Scenario 9: SourceSnapshot presented as DeliveryAuthorization is REJECTED (0.0469ms)
✔ Adversarial Scenario 10: Candidate presented as EvaluationAttestation is REJECTED (0.1335ms)
✔ Adversarial Scenario 11: feature/foo non-sha256 target used as Attestation target is REJECTED (0.0541ms)
✔ Adversarial Scenario 12: diffText=sha256:esto-es-texto processed as raw text hash, not precomputed (0.0883ms)
✔ Adversarial Scenario 13: diffText and diff_hash simultaneously conflicting are REJECTED (0.1199ms)
✔ K3-2.1: non-frozen / missing kind candidate → INVALID_FROZEN_CANDIDATE (no relation) (0.1921ms)
✔ K3-2.2: hand-built kind candidate/v2 but schema-invalid → INVALID_FROZEN_CANDIDATE (0.1943ms)
✔ K3-2.3: attestation surface without kind → validateIdentityKind fail closed (0.0562ms)
✔ K3-2.4: SourceSnapshot + attestation_id without attestation kind → fail closed (0.0668ms)
✔ K3-2.5: compatible EXPECTED_KINDS kind → pass (0.0607ms)
✔ K3-2.6: binding spoof — declared IDs string-equal but payload mutated → binding (0.2398ms)
✔ K3-2.7: validateWorkOrderBinding requires sourceSnapshot + workOrder (arity) (0.0793ms)
✔ K3-2.8: dependencies null / non-array → computeWorkOrderId throws (no [] coercion) (0.1432ms)
✔ K3-2.9: WorkResult missing required exit_code → computeWorkResultId throws (no silent default) (0.1779ms)
✔ K3-2.10: freezeCandidate rejects empty repository_id; intended_untracked_digest never empty string (0.1502ms)
✔ K3-2.11: invariant validateCandidateV2(freezeCandidate(validInput)) === true (0.1073ms)
✔ K3-2.12: same WorkOrder payload v1 vs v2 → distinct digests; v2 domain is work-order/v2 (0.1465ms)
✔ K3 GO: DECLARED_ID_MISMATCH still fires after freeze gate on schema-valid tamper (0.1758ms)
✔ 4R-R1: forged {ambiguous:true} cannot bypass INVALID_FROZEN_CANDIDATE (0.1189ms)
✔ 4R-R1b: typed candidate-relation-selector ambiguous still decides (0.1314ms)
✔ 4R-R2: kind work-order/v1 + schema_version 2 throws (fail closed disagreement) (0.1363ms)
✔ 4R-R2c: kind work-order/v2 + schema_version 1 throws (symmetric disagreement) (0.0956ms)
✔ 4R-R2b: consistent work-order/v2 + schema_version 2 uses v2 domain (0.107ms)
✔ 4R-R3: ownership null / non-object → computeWorkOrderId throws (no {} coercion) (0.2183ms)
✔ 4R-R4: missing patch → computeWorkResultId throws (no default empty string) (0.14ms)
✔ 4R-R4b: exit_code null / non-integer → computeWorkResultId throws (0.1401ms)
✔ 4R-R6: ill-formed declared snapshot id uses ILL_FORMED_SNAPSHOT_ID or INVALID_SCHEMA (0.2097ms)
✔ REQ-execution-identities-007: computeSourceSnapshotId throws on missing repository_id or invalid projection (0.1451ms)
✔ REQ-execution-identities-007: computeWorkOrderId fails closed on missing required fields without defaulting (0.2762ms)
✔ REQ-execution-identities-007: computeWorkResultId fails closed on missing required array fields without defaulting to [] (0.2005ms)
✔ REQ-execution-identities-003: validateWorkOrderBinding fails closed on schema-invalid inputs (0.0859ms)
✔ REQ-execution-identities-003: validateWorkResultBinding fails closed on schema-invalid inputs (0.1241ms)
✔ REQ-execution-identities-008: validateIdentityKind accepts SourceSnapshot v1 and WorkResult v1 with optional or omitted kind (0.1449ms)
✔ K3 Remediation: Deep compute shape validation rejects malformed nested fields (0.3019ms)
✔ K3 Remediation: validateIdentityKind fails closed on un-kinded schema-invalid v1 objects (0.0671ms)
✔ K3 Remediation: binding gates enforce JSON Schema validation before digest recompute (0.0938ms)
✔ K3 Remediation: unmutated raw payloads missing required schema fields fail-close with INVALID_SCHEMA (0.2574ms)
✔ REQ-execution-identities-007: computeCandidateId strictly enforces K3 parameters without defaulting (0.2388ms)
✔ K3 Remediation: validateIdentityKind enforces JSON Schema validation on payloads with declared kind (0.1698ms)
✔ K3 Remediation: SourceSnapshot own-ID integrity and freezeCandidate schema invariant (0.2963ms)
✔ K3 readiness: successor relation is derived from a frozen predecessor and cannot remain exact (0.9877ms)
✔ K3 readiness: relation evaluation rejects incoherent persisted lineage and retired vocabulary (0.3007ms)
✔ K3 readiness: identity boundaries preserve case and distinguish projection, modes, symlink and untracked inputs (0.3134ms)
ℹ tests 65
ℹ suites 0
ℹ pass 65
ℹ fail 0
ℹ cancelled 0
ℹ skipped 0
ℹ todo 0
ℹ duration_ms 110.913
