✔ K3 schemas: manifest registers source-snapshot and work-result families (0.776ms)
✔ K3 schemas: SourceSnapshot schema validates valid and invalid fixtures (0.6853ms)
✔ K3 schemas: WorkResult schema validates valid and invalid fixtures (0.4757ms)
✔ K3 schemas: Candidate v2 schema validates freeze fields and rejects invalid fixtures (7.4992ms)
✔ K3 schemas: WorkOrder v2 schema requires source_snapshot_id for bound work orders (0.3037ms)
✔ K3 schemas: candidate/v2 and work-order/v2 schemas expose canonical $id and kind const (0.2854ms)
✔ K3 schemas: candidate/v2 schema validates valid and invalid v2 fixtures (0.4ms)
✖ K3 readiness: successor and retired-vocabulary fixtures are structurally discriminated (1.3276ms)
✔ K3 schemas: work-order/v2 schema validates valid and invalid v2 fixtures (0.4737ms)
✔ Adversarial Scenario 7: Candidate without freeze fields in schema v2 is REJECTED (0.4491ms)
✔ Adversarial Scenario 12 (Design): WorkResult validated against Candidate v2 Schema is REJECTED (0.2856ms)
✔ Adversarial Scenario 13 (Design): Candidate validated against WorkOrder v2 Schema is REJECTED (0.2579ms)
✔ Adversarial Scenario 14: candidate/v1 continues validating v1, candidate/v2 validates K3 semantics (0.4265ms)
✔ K3 adversarial: canonical v2 paths + $id resolve; wrong candidate-v2/ tree is not authoritative (2.599ms)
✔ K3 adversarial: K1 v1 files+pins match 02e97a5 era; pin-only retarget is non-compliant (34.8922ms)
ℹ tests 15
ℹ suites 0
ℹ pass 14
ℹ fail 1
ℹ cancelled 0
ℹ skipped 0
ℹ todo 0
ℹ duration_ms 110.8159

✖ failing tests:

test at scripts\lib\k3-schema-fixtures.test.js:125:1
✖ K3 readiness: successor and retired-vocabulary fixtures are structurally discriminated (1.3276ms)
  AssertionError [ERR_ASSERTION]: Expected values to be strictly equal:
  
  true !== false
  
      at TestContext.<anonymous> (C:\Users\sn4ke\dev\activos\ospec-workflow\scripts\lib\k3-schema-fixtures.test.js:132:10)
      at Test.runInAsyncScope (node:async_hooks:227:14)
      at Test.run (node:internal/test_runner/test:1306:25)
      at Test.processPendingSubtests (node:internal/test_runner/test:897:18)
      at Test.postRun (node:internal/test_runner/test:1447:19)
      at Test.run (node:internal/test_runner/test:1372:12)
      at async Test.processPendingSubtests (node:internal/test_runner/test:897:7) {
    generatedMessage: true,
    code: 'ERR_ASSERTION',
    actual: true,
    expected: false,
    operator: 'strictEqual',
    diff: 'simple'
  }
