✔ REQ-execution-identities-001: Distinct digests with domain prefixes for four identities (3.435ms)
✔ REQ-execution-identities-001: Single byte mutation alters digest (0.1164ms)
✔ REQ-execution-identities-002: SourceSnapshot digest incorporates projection and base tree (0.1119ms)
✔ REQ-execution-identities-004: Candidate freeze restricts projections and tracks modes & untracked (0.4606ms)
✔ REQ-execution-identities-004: Candidate freeze path canonicalization and deduplication (0.5462ms)
✔ REQ-execution-identities-005: Fail-closed initial candidate relation evaluation (0.7293ms)
✔ REQ-execution-identities-006: Non-aliasing type guards and rejection of mutable targets (0.2566ms)
✔ REQ-execution-identities-001: Digest functions reject null or non-object inputs (0.1214ms)
✔ REQ-execution-identities-007: computeSourceSnapshotId validates required inputs and digest format (0.1376ms)
✔ REQ-execution-identities-003: computeWorkOrderId canonical payload includes dependencies, ownership, required_evidence and validates snapshot digest (0.3242ms)
✔ REQ-execution-identities-007: computeWorkResultId validates presence and format of work_order_id and source_snapshot_id (0.1865ms)
✔ REQ-execution-identities-007: computeCandidateId requires mandatory base_tree and projection and validates digest format (0.1291ms)
✔ REQ-execution-identities-004: freezeCandidate constructs candidate/v2 with schema_version 2 and strict diff disambiguation (0.2622ms)
✔ REQ-execution-identities-003: validateWorkOrderBinding and validateWorkResultBinding fail-closed validation (3.6172ms)
✔ REQ-execution-identities-005: evaluateCandidateRelation recomputes candidate_id and detects declared candidate_id mismatch (0.2687ms)
✔ Adversarial Scenario 1: Candidate candidate_id copied + content altered yields unknown / candidate-id-mismatch (0.2464ms)
✔ Adversarial Scenario 2: WorkOrder work_order_id copied + ownership altered yields distinct digest (0.1237ms)
✔ Adversarial Scenario 3: WorkOrder work_order_id copied + required_evidence altered yields distinct digest (0.0851ms)
✔ Adversarial Scenario 4: WorkOrder work_order_id copied + dependencies altered yields distinct digest (0.1025ms)
✔ Adversarial Scenario 5: WorkOrder(S1) + WorkResult(S2) yields REJECT SOURCE_SNAPSHOT_MISMATCH (0.4452ms)
✔ Adversarial Scenario 6: WorkResultId copied + patch altered yields distinct digest (0.0922ms)
✔ Adversarial Scenario 8: SourceSnapshot presented as Candidate is REJECTED (0.0544ms)
✔ Adversarial Scenario 9: SourceSnapshot presented as DeliveryAuthorization is REJECTED (0.0477ms)
✔ Adversarial Scenario 10: Candidate presented as EvaluationAttestation is REJECTED (0.0958ms)
✔ Adversarial Scenario 11: feature/foo non-sha256 target used as Attestation target is REJECTED (0.0507ms)
✔ Adversarial Scenario 12: diffText=sha256:esto-es-texto processed as raw text hash, not precomputed (0.0843ms)
✔ Adversarial Scenario 13: diffText and diff_hash simultaneously conflicting are REJECTED (0.1234ms)
✔ K3-2.1: non-frozen / missing kind candidate → INVALID_FROZEN_CANDIDATE (no relation) (0.1548ms)
✔ K3-2.2: hand-built kind candidate/v2 but schema-invalid → INVALID_FROZEN_CANDIDATE (0.1521ms)
✔ K3-2.3: attestation surface without kind → validateIdentityKind fail closed (0.0535ms)
✔ K3-2.4: SourceSnapshot + attestation_id without attestation kind → fail closed (0.0615ms)
✔ K3-2.5: compatible EXPECTED_KINDS kind → pass (0.0577ms)
✔ K3-2.6: binding spoof — declared IDs string-equal but payload mutated → binding (0.2369ms)
✔ K3-2.7: validateWorkOrderBinding requires sourceSnapshot + workOrder (arity) (0.0672ms)
✔ K3-2.8: dependencies null / non-array → computeWorkOrderId throws (no [] coercion) (0.1309ms)
✔ K3-2.9: WorkResult missing required exit_code → computeWorkResultId throws (no silent default) (0.1342ms)
✔ K3-2.10: freezeCandidate rejects empty repository_id; intended_untracked_digest never empty string (0.1385ms)
✔ K3-2.11: invariant validateCandidateV2(freezeCandidate(validInput)) === true (0.1031ms)
✔ K3-2.12: same WorkOrder payload v1 vs v2 → distinct digests; v2 domain is work-order/v2 (0.1433ms)
✔ K3 GO: DECLARED_ID_MISMATCH still fires after freeze gate on schema-valid tamper (0.1618ms)
✔ 4R-R1: forged {ambiguous:true} cannot bypass INVALID_FROZEN_CANDIDATE (0.1091ms)
✔ 4R-R1b: typed candidate-relation-selector ambiguous still decides (0.1215ms)
✔ 4R-R2: kind work-order/v1 + schema_version 2 throws (fail closed disagreement) (0.1243ms)
✔ 4R-R2c: kind work-order/v2 + schema_version 1 throws (symmetric disagreement) (0.0929ms)
✔ 4R-R2b: consistent work-order/v2 + schema_version 2 uses v2 domain (0.1092ms)
✔ 4R-R3: ownership null / non-object → computeWorkOrderId throws (no {} coercion) (0.1965ms)
✔ 4R-R4: missing patch → computeWorkResultId throws (no default empty string) (0.0864ms)
✔ 4R-R4b: exit_code null / non-integer → computeWorkResultId throws (0.1278ms)
✔ 4R-R6: ill-formed declared snapshot id uses ILL_FORMED_SNAPSHOT_ID or INVALID_SCHEMA (0.1857ms)
✔ REQ-execution-identities-007: computeSourceSnapshotId throws on missing repository_id or invalid projection (0.139ms)
✔ REQ-execution-identities-007: computeWorkOrderId fails closed on missing required fields without defaulting (0.2765ms)
✔ REQ-execution-identities-007: computeWorkResultId fails closed on missing required array fields without defaulting to [] (0.1654ms)
✔ REQ-execution-identities-003: validateWorkOrderBinding fails closed on schema-invalid inputs (0.1232ms)
✔ REQ-execution-identities-003: validateWorkResultBinding fails closed on schema-invalid inputs (0.1122ms)
✔ REQ-execution-identities-008: validateIdentityKind accepts SourceSnapshot v1 and WorkResult v1 with optional or omitted kind (0.1579ms)
✔ K3 Remediation: Deep compute shape validation rejects malformed nested fields (0.4055ms)
✔ K3 Remediation: validateIdentityKind fails closed on un-kinded schema-invalid v1 objects (0.073ms)
✔ K3 Remediation: binding gates enforce JSON Schema validation before digest recompute (0.1376ms)
✔ K3 Remediation: unmutated raw payloads missing required schema fields fail-close with INVALID_SCHEMA (0.2286ms)
✔ REQ-execution-identities-007: computeCandidateId strictly enforces K3 parameters without defaulting (0.2325ms)
✔ K3 Remediation: validateIdentityKind enforces JSON Schema validation on payloads with declared kind (0.1641ms)
✔ K3 Remediation: SourceSnapshot own-ID integrity and freezeCandidate schema invariant (0.2979ms)
✔ K3 readiness: successor relation is derived from a frozen predecessor and cannot remain exact (0.8573ms)
✔ K3 readiness: relation evaluation rejects incoherent persisted lineage and retired vocabulary (0.3344ms)
✔ K3 readiness: identity boundaries preserve case and distinguish projection, modes, symlink and untracked inputs (0.2941ms)
ℹ tests 65
ℹ suites 0
ℹ pass 65
ℹ fail 0
ℹ cancelled 0
ℹ skipped 0
ℹ todo 0
ℹ duration_ms 104.6821
