✔ K3 schemas: manifest registers source-snapshot and work-result families (1.2545ms)
✔ K3 schemas: SourceSnapshot schema validates valid and invalid fixtures (0.7396ms)
✔ K3 schemas: WorkResult schema validates valid and invalid fixtures (0.4717ms)
✔ K3 schemas: Candidate v2 schema validates freeze fields and rejects invalid fixtures (9.1597ms)
✔ K3 schemas: WorkOrder v2 schema requires source_snapshot_id for bound work orders (0.4438ms)
✔ K3 schemas: candidate/v2 and work-order/v2 schemas expose canonical $id and kind const (0.3416ms)
✔ K3 schemas: candidate/v2 schema validates valid and invalid v2 fixtures (0.3882ms)
✔ K3 readiness: successor and retired-vocabulary fixtures are structurally discriminated (0.7391ms)
✔ K3 schemas: work-order/v2 schema validates valid and invalid v2 fixtures (0.4326ms)
✔ Adversarial Scenario 7: Candidate without freeze fields in schema v2 is REJECTED (0.2753ms)
✔ Adversarial Scenario 12 (Design): WorkResult validated against Candidate v2 Schema is REJECTED (0.2794ms)
✔ Adversarial Scenario 13 (Design): Candidate validated against WorkOrder v2 Schema is REJECTED (0.2559ms)
✔ Adversarial Scenario 14: candidate/v1 continues validating v1, candidate/v2 validates K3 semantics (0.4409ms)
✔ K3 adversarial: canonical v2 paths + $id resolve; wrong candidate-v2/ tree is not authoritative (2.4638ms)
✔ K3 adversarial: K1 v1 files+pins match 02e97a5 era; pin-only retarget is non-compliant (36.1424ms)
ℹ tests 15
ℹ suites 0
ℹ pass 15
ℹ fail 0
ℹ cancelled 0
ℹ skipped 0
ℹ todo 0
ℹ duration_ms 115.2672
