✔ REQ-execution-identities-001: Distinct digests with domain prefixes for four identities (4.2264ms)
✔ REQ-execution-identities-001: Single byte mutation alters digest (0.1119ms)
✔ REQ-execution-identities-002: SourceSnapshot digest incorporates projection and base tree (0.1309ms)
✔ REQ-execution-identities-004: Candidate freeze restricts projections and tracks modes & untracked (0.467ms)
✔ REQ-execution-identities-004: Candidate freeze path canonicalization and deduplication (0.5255ms)
✔ REQ-execution-identities-005: Fail-closed initial candidate relation evaluation (0.6056ms)
✔ REQ-execution-identities-006: Non-aliasing type guards and rejection of mutable targets (0.4978ms)
✔ REQ-execution-identities-001: Digest functions reject null or non-object inputs (0.2732ms)
✔ REQ-execution-identities-007: computeSourceSnapshotId validates required inputs and digest format (0.2509ms)
✔ REQ-execution-identities-003: computeWorkOrderId canonical payload includes dependencies, ownership, required_evidence and validates snapshot digest (0.3957ms)
✔ REQ-execution-identities-007: computeWorkResultId validates presence and format of work_order_id and source_snapshot_id (0.3031ms)
✔ REQ-execution-identities-007: computeCandidateId requires mandatory base_tree and projection and validates digest format (0.1343ms)
✔ REQ-execution-identities-004: freezeCandidate constructs candidate/v2 with schema_version 2 and strict diff disambiguation (0.2562ms)
✔ REQ-execution-identities-003: validateWorkOrderBinding and validateWorkResultBinding fail-closed validation (3.5941ms)
✔ REQ-execution-identities-005: evaluateCandidateRelation recomputes candidate_id and detects declared candidate_id mismatch (0.176ms)
✔ Adversarial Scenario 1: Candidate candidate_id copied + content altered yields unknown / candidate-id-mismatch (0.2943ms)
✔ Adversarial Scenario 2: WorkOrder work_order_id copied + ownership altered yields distinct digest (0.1467ms)
✔ Adversarial Scenario 3: WorkOrder work_order_id copied + required_evidence altered yields distinct digest (0.1281ms)
✔ Adversarial Scenario 4: WorkOrder work_order_id copied + dependencies altered yields distinct digest (0.1366ms)
✔ Adversarial Scenario 5: WorkOrder(S1) + WorkResult(S2) yields REJECT SOURCE_SNAPSHOT_MISMATCH (0.666ms)
✔ Adversarial Scenario 6: WorkResultId copied + patch altered yields distinct digest (0.1426ms)
✔ Adversarial Scenario 8: SourceSnapshot presented as Candidate is REJECTED (0.0605ms)
✔ Adversarial Scenario 9: SourceSnapshot presented as DeliveryAuthorization is REJECTED (0.1784ms)
✔ Adversarial Scenario 10: Candidate presented as EvaluationAttestation is REJECTED (0.1656ms)
✔ Adversarial Scenario 11: feature/foo non-sha256 target used as Attestation target is REJECTED (0.0576ms)
✔ Adversarial Scenario 12: diffText=sha256:esto-es-texto processed as raw text hash, not precomputed (0.0876ms)
✔ Adversarial Scenario 13: diffText and diff_hash simultaneously conflicting are REJECTED (0.1271ms)
✔ K3-2.1: non-frozen / missing kind candidate → INVALID_FROZEN_CANDIDATE (no relation) (0.1997ms)
✔ K3-2.2: hand-built kind candidate/v2 but schema-invalid → INVALID_FROZEN_CANDIDATE (0.1482ms)
✔ K3-2.3: attestation surface without kind → validateIdentityKind fail closed (0.0516ms)
✔ K3-2.4: SourceSnapshot + attestation_id without attestation kind → fail closed (0.0674ms)
✔ K3-2.5: compatible EXPECTED_KINDS kind → pass (0.0598ms)
✔ K3-2.6: binding spoof — declared IDs string-equal but payload mutated → binding (0.2613ms)
✔ K3-2.7: validateWorkOrderBinding requires sourceSnapshot + workOrder (arity) (0.0562ms)
✔ K3-2.8: dependencies null / non-array → computeWorkOrderId throws (no [] coercion) (0.1308ms)
✔ K3-2.9: WorkResult missing required exit_code → computeWorkResultId throws (no silent default) (0.1087ms)
✔ K3-2.10: freezeCandidate rejects empty repository_id; intended_untracked_digest never empty string (0.1974ms)
✔ K3-2.11: invariant validateCandidateV2(freezeCandidate(validInput)) === true (0.1119ms)
✔ K3-2.12: same WorkOrder payload v1 vs v2 → distinct digests; v2 domain is work-order/v2 (0.1422ms)
✔ K3 GO: DECLARED_ID_MISMATCH still fires after freeze gate on schema-valid tamper (0.1382ms)
✔ 4R-R1: forged {ambiguous:true} cannot bypass INVALID_FROZEN_CANDIDATE (0.1095ms)
✔ 4R-R1b: typed candidate-relation-selector ambiguous still decides (0.1268ms)
✔ 4R-R2: kind work-order/v1 + schema_version 2 throws (fail closed disagreement) (0.12ms)
✔ 4R-R2c: kind work-order/v2 + schema_version 1 throws (symmetric disagreement) (0.0998ms)
✔ 4R-R2b: consistent work-order/v2 + schema_version 2 uses v2 domain (0.1032ms)
✔ 4R-R3: ownership null / non-object → computeWorkOrderId throws (no {} coercion) (0.1898ms)
✔ 4R-R4: missing patch → computeWorkResultId throws (no default empty string) (0.08ms)
✔ 4R-R4b: exit_code null / non-integer → computeWorkResultId throws (0.1253ms)
✔ 4R-R6: ill-formed declared snapshot id uses ILL_FORMED_SNAPSHOT_ID or INVALID_SCHEMA (0.2031ms)
✔ REQ-execution-identities-007: computeSourceSnapshotId throws on missing repository_id or invalid projection (0.1354ms)
✔ REQ-execution-identities-007: computeWorkOrderId fails closed on missing required fields without defaulting (0.2813ms)
✔ REQ-execution-identities-007: computeWorkResultId fails closed on missing required array fields without defaulting to [] (0.2619ms)
✔ REQ-execution-identities-003: validateWorkOrderBinding fails closed on schema-invalid inputs (0.2104ms)
✔ REQ-execution-identities-003: validateWorkResultBinding fails closed on schema-invalid inputs (0.1794ms)
✔ REQ-execution-identities-008: validateIdentityKind accepts SourceSnapshot v1 and WorkResult v1 with optional or omitted kind (0.2015ms)
✔ K3 Remediation: Deep compute shape validation rejects malformed nested fields (0.4571ms)
✔ K3 Remediation: validateIdentityKind fails closed on un-kinded schema-invalid v1 objects (0.0707ms)
✔ K3 Remediation: binding gates enforce JSON Schema validation before digest recompute (0.0825ms)
✔ K3 Remediation: unmutated raw payloads missing required schema fields fail-close with INVALID_SCHEMA (0.2143ms)
✔ REQ-execution-identities-007: computeCandidateId strictly enforces K3 parameters without defaulting (0.4093ms)
✔ K3 Remediation: validateIdentityKind enforces JSON Schema validation on payloads with declared kind (0.4489ms)
✔ K3 Remediation: SourceSnapshot own-ID integrity and freezeCandidate schema invariant (0.3082ms)
✖ K3 readiness: successor relation is derived from a frozen predecessor and cannot remain exact (1.9054ms)
✔ K3 readiness: relation evaluation rejects incoherent persisted lineage and retired vocabulary (0.2749ms)
✔ K3 readiness: identity boundaries preserve case and distinguish projection, modes, symlink and untracked inputs (0.2899ms)
ℹ tests 65
ℹ suites 0
ℹ pass 64
ℹ fail 1
ℹ cancelled 0
ℹ skipped 0
ℹ todo 0
ℹ duration_ms 109.4732

✖ failing tests:

test at scripts\lib\execution-identities\index.test.js:1718:1
✖ K3 readiness: successor relation is derived from a frozen predecessor and cannot remain exact (1.9054ms)
  AssertionError [ERR_ASSERTION]: Expected values to be strictly deep-equal:
  + actual - expected
  
    {
  +   action: 'stop',
  +   reason: 'Persisted relation or predecessor_id contradicts frozen candidate lineage',
  +   reason_code: 'LINEAGE_RELATION_MISMATCH',
  +   relation: 'unknown'
  -   action: 're-evaluate',
  -   relation: 'changed'
    }
  
      at TestContext.<anonymous> (C:\Users\sn4ke\dev\activos\ospec-workflow\scripts\lib\execution-identities\index.test.js:1750:10)
      at Test.runInAsyncScope (node:async_hooks:227:14)
      at Test.run (node:internal/test_runner/test:1306:25)
      at Test.processPendingSubtests (node:internal/test_runner/test:897:18)
      at Test.postRun (node:internal/test_runner/test:1447:19)
      at Test.run (node:internal/test_runner/test:1372:12)
      at async Test.processPendingSubtests (node:internal/test_runner/test:897:7) {
    generatedMessage: true,
    code: 'ERR_ASSERTION',
    actual: { relation: 'unknown', action: 'stop', reason: 'Persisted relation or predecessor_id contradicts frozen candidate lineage', reason_code: 'LINEAGE_RELATION_MISMATCH' },
    expected: { relation: 'changed', action: 're-evaluate' },
    operator: 'deepStrictEqual',
    diff: 'simple'
  }
