node:internal/modules/cjs/loader:1503
  throw err;
  ^

Error: Cannot find module './journal.js'
Require stack:
- C:\Users\sn4ke\dev\activos\ospec-workflow\scripts\lib\lifecycle-kernel\journal.test.js
    at Module._resolveFilename (node:internal/modules/cjs/loader:1500:15)
    at wrapResolveFilename (node:internal/modules/cjs/loader:1071:27)
    at defaultResolveImplForCJSLoading (node:internal/modules/cjs/loader:1095:10)
    at resolveForCJSWithHooks (node:internal/modules/cjs/loader:1116:12)
    at Module._load (node:internal/modules/cjs/loader:1285:25)
    at wrapModuleLoad (node:internal/modules/cjs/loader:255:19)
    at Module.require (node:internal/modules/cjs/loader:1600:12)
    at require (node:internal/modules/helpers:153:16)
    at Object.<anonymous> (C:\Users\sn4ke\dev\activos\ospec-workflow\scripts\lib\lifecycle-kernel\journal.test.js:11:5)
    at Module._compile (node:internal/modules/cjs/loader:1854:14) {
  code: 'MODULE_NOT_FOUND',
  requireStack: [
    'C:\\Users\\sn4ke\\dev\\activos\\ospec-workflow\\scripts\\lib\\lifecycle-kernel\\journal.test.js'
  ]
}

Node.js v24.16.0
✖ scripts\lib\lifecycle-kernel\journal.test.js (42.5127ms)
ℹ tests 1
ℹ suites 0
ℹ pass 0
ℹ fail 1
ℹ cancelled 0
ℹ skipped 0
ℹ todo 0
ℹ duration_ms 48.138

✖ failing tests:

test at scripts\lib\lifecycle-kernel\journal.test.js:1:1
✖ scripts\lib\lifecycle-kernel\journal.test.js (42.5127ms)
  'test failed'
